../Drivers/CMSIS/Include/core_cm0plus.h:987:34:__NVIC_SystemReset	8	static,ignoring_inline_asm
../STM32_BLE/App/app_ble.c:103:6:ModulesInit	8	static
../STM32_BLE/App/app_ble.c:112:6:BLE_Init	120	static
../STM32_BLE/App/app_ble.c:333:6:BLEStack_Process	8	static
../STM32_BLE/App/app_ble.c:339:6:VTimer_Process	8	static
../STM32_BLE/App/app_ble.c:344:6:NVM_Process	8	static
../STM32_BLE/App/app_ble.c:349:6:SERVICE_APP_Process	8	static
../STM32_BLE/App/app_ble.c:355:6:HAL_RADIO_TxRxCallback	16	static
../STM32_BLE/App/app_ble.c:361:6:APP_BLE_Init	8	static
../STM32_BLE/App/app_ble.c:403:6:BLEEVT_App_Notification	120	static
../STM32_BLE/App/app_ble.c:691:13:connection_complete_event	24	static
../STM32_BLE/App/app_ble.c:748:22:APP_BLE_Get_Server_Connection_Status	8	static
../STM32_BLE/App/app_ble.c:753:6:APP_BLE_Procedure_Gap_General	48	static
../STM32_BLE/App/app_ble.c:838:6:APP_BLE_Procedure_Gap_Peripheral	96	static
