../Drivers/STM32WB0x_HAL_Driver/Inc/stm32wb0x_ll_radio_timer.h:325:26:LL_RADIO_TIMER_GetAbsoluteTime	16	static
../Drivers/STM32WB0x_HAL_Driver/Inc/stm32wb0x_ll_bus.h:229:22:LL_AHB1_GRP1_EnableClock	24	static
../Drivers/STM32WB0x_HAL_Driver/Inc/stm32wb0x_ll_bus.h:642:22:LL_APB2_GRP1_EnableClock	24	static
../Drivers/STM32WB0x_HAL_Driver/Inc/stm32wb0x_ll_bus.h:659:26:LL_APB2_GRP1_IsEnabledClock	16	static
../Drivers/STM32WB0x_HAL_Driver/Inc/stm32wb0x_ll_bus.h:685:22:LL_APB2_GRP1_ForceReset	16	static
../Drivers/STM32WB0x_HAL_Driver/Inc/stm32wb0x_ll_bus.h:698:22:LL_APB2_GRP1_ReleaseReset	16	static
../Core/Src/main.c:86:6:Send_To_Teleplot_Int	32	static
../Core/Src/main.c:103:5:main	160	static
../Core/Src/main.c:346:6:SystemClock_Config	48	static
../Core/Src/main.c:377:6:PeriphCommonClock_Config	32	static
../Core/Src/main.c:395:13:MX_I2C1_Init	8	static
../Core/Src/main.c:438:13:MX_PKA_Init	8	static
../Core/Src/main.c:461:13:MX_RADIO_Init	16	static
../Core/Src/main.c:493:13:MX_RADIO_TIMER_Init	16	static
../Core/Src/main.c:530:13:MX_SPI3_Init	8	static
../Core/Src/main.c:567:13:MX_TIM17_Init	72	static
../Core/Src/main.c:624:13:MX_USART1_UART_Init	8	static
../Core/Src/main.c:668:13:MX_GPIO_Init	32	static
../Core/Src/main.c:743:6:Error_Handler	8	static,ignoring_inline_asm
